../Core/Src/main.c:168:5:returnError	24	static
../Core/Src/main.c:209:5:calcPID	24	static
../Core/Src/main.c:223:6:setLeftRightSpeed	24	static
../Core/Src/main.c:308:6:countIntersection	8	static
../Core/Src/main.c:319:6:followLine	16	static
../Core/Src/main.c:341:5:__io_putchar	16	static
../Core/Src/main.c:359:6:HAL_GPIO_EXTI_Callback	16	static
../Core/Src/main.c:371:6:HAL_TIM_IC_CaptureCallback	16	static
../Core/Src/main.c:392:5:main	72	static
../Core/Src/main.c:593:6:SystemClock_Config	128	static
../Core/Src/main.c:647:6:Error_Handler	8	static,ignoring_inline_asm
